// Vitest Snapshot v1, https://vitest.dev/guide/snapshot.html

exports[`TableHead > should match snapshot 1`] = `
<DocumentFragment>
  <table>
    <thead
      class="mocked-styled-0 el-experimental-table-head"
      data-position="relative"
    >
      <tr>
        <td>
          Mock cell
        </td>
      </tr>
    </thead>
  </table>
</DocumentFragment>
`;
