// Vitest Snapshot v1, https://vitest.dev/guide/snapshot.html

exports[`Toggle > should match a snapshot and render children 1`] = `
<DocumentFragment>
  <input
    class="mocked-styled-2 el-toggle-checkbox"
    id="test-static-id"
    type="checkbox"
  />
  <label
    class="mocked-styled-3 el-toggle-label"
    for="test-static-id"
    role="button"
    tabindex="0"
  >
    <span
      class="mocked-styled-0 el-toggle-item"
    >
      On
    </span>
    <span
      class="mocked-styled-0 el-toggle-item"
    >
      Off
    </span>
  </label>
</DocumentFragment>
`;

exports[`ToggleRadio > should match a snapshot and render children 1`] = `
<DocumentFragment>
  <div
    class="el-toggle-full-width el-toggle-radio-wrap"
  >
    <input
      class="mocked-styled-4 el-toggle-radio"
      id="option-1"
      name="my-cool-toggle-radio"
      type="radio"
      value="option-1"
    />
    <label
      class="el-toggle-full-width el-toggle-radio-label"
      for="option-1"
      role="button"
      tabindex="0"
    >
      <span
        class="mocked-styled-1 el-toggle-radio-item"
      >
        Option 1
      </span>
    </label>
    <input
      class="mocked-styled-4 el-toggle-radio"
      id="option-2"
      name="my-cool-toggle-radio"
      type="radio"
      value="option-2"
    />
    <label
      class="el-toggle-full-width el-toggle-radio-label"
      for="option-2"
      role="button"
      tabindex="0"
    >
      <span
        class="mocked-styled-1 el-toggle-radio-item"
      >
        Option 2
      </span>
    </label>
    <input
      class="mocked-styled-4 el-toggle-radio"
      id="option-3"
      name="my-cool-toggle-radio"
      type="radio"
      value="option-3"
    />
    <label
      class="el-toggle-full-width el-toggle-radio-label"
      for="option-3"
      role="button"
      tabindex="0"
    >
      <span
        class="mocked-styled-1 el-toggle-radio-item"
      >
        Option 3
      </span>
    </label>
  </div>
</DocumentFragment>
`;
