// Vitest Snapshot v1, https://vitest.dev/guide/snapshot.html

exports[`Portal > should match a snapshot and render children 1`] = `<DocumentFragment />`;

exports[`usePortal > should return a target  div correctly 1`] = `<div />`;
