// Vitest Snapshot v1, https://vitest.dev/guide/snapshot.html

exports[`Tile component > should match a snapshot 1`] = `
<DocumentFragment>
  <div
    class="el-tile-padding-small el-tile"
  >
    Some Content
  </div>
</DocumentFragment>
`;
