// Vitest Snapshot v1, https://vitest.dev/guide/snapshot.html

exports[`Table Toolbar > should match snapshot 1`] = `
<DocumentFragment>
  <div
    class="mocked-styled-0 el-experimental-table-toolbar"
  >
    <div
      class="mocked-styled-1 el-experimental-table-toolbar-description"
    >
      125 Properties
    </div>
    <div
      class="mocked-styled-2 el-experimental-table-toolbar-actions"
    >
      Page Size menu
    </div>
  </div>
</DocumentFragment>
`;
