// Vitest Snapshot v1, https://vitest.dev/guide/snapshot.html

exports[`useDrawer > should return UseDrawer type correctly 1`] = `<DocumentFragment />`;
